EN sch1 NULL C:/Users/lab/Desktop/Lab4/zad1/sch1.vhf sub00/vhpl04 1699349356
EN fdc_mxilinx_sch1 NULL C:/Users/lab/Desktop/Lab4/zad1/sch1.vhf sub00/vhpl00 1699349352
AR sch1 behavioral C:/Users/lab/Desktop/Lab4/zad1/sch1.vhf sub00/vhpl05 1699349357
EN comp8_mxilinx_sch1 NULL C:/Users/lab/Desktop/Lab4/zad1/sch1.vhf sub00/vhpl02 1699349354
AR fdc_mxilinx_sch1 behavioral C:/Users/lab/Desktop/Lab4/zad1/sch1.vhf sub00/vhpl01 1699349353
AR comp8_mxilinx_sch1 behavioral C:/Users/lab/Desktop/Lab4/zad1/sch1.vhf sub00/vhpl03 1699349355
