V3 3
FL C:/Users/lab/Desktop/Lab5ACJS/zad3poppop/sch3.vhd 2023/11/21.09:49:50 P.20131013
EN work/sch3 1700556893 FL C:/Users/lab/Desktop/Lab5ACJS/zad3poppop/sch3.vhd \
      PB ieee/std_logic_1164 1381692176
AR work/sch3/Behavioral 1700556894 \
      FL C:/Users/lab/Desktop/Lab5ACJS/zad3poppop/sch3.vhd EN work/sch3 1700556893
