EN sch NULL C:/Users/lab/Desktop/lab8ACJS/aohfohdsf/sch.vhf sub00/vhpl02 1705398042
EN detector NULL C:/Users/lab/Desktop/lab8ACJS/aohfohdsf/detector.vhd sub00/vhpl00 1705398040
AR detector behavioral C:/Users/lab/Desktop/lab8ACJS/aohfohdsf/detector.vhd sub00/vhpl01 1705398041
AR sch behavioral C:/Users/lab/Desktop/lab8ACJS/aohfohdsf/sch.vhf sub00/vhpl03 1705398043
