EN d2_4e_mxilinx_sch4 NULL C:/Users/lab/Desktop/Lab4/zad4pop/sch4.vhf sub00/vhpl02 1699345463
EN sch4 NULL C:/Users/lab/Desktop/Lab4/zad4pop/sch4.vhf sub00/vhpl04 1699345465
AR d2_4e_mxilinx_sch4 behavioral C:/Users/lab/Desktop/Lab4/zad4pop/sch4.vhf sub00/vhpl03 1699345464
EN compm4_mxilinx_sch4 NULL C:/Users/lab/Desktop/Lab4/zad4pop/sch4.vhf sub00/vhpl00 1699345461
AR sch4 behavioral C:/Users/lab/Desktop/Lab4/zad4pop/sch4.vhf sub00/vhpl05 1699345466
AR compm4_mxilinx_sch4 behavioral C:/Users/lab/Desktop/Lab4/zad4pop/sch4.vhf sub00/vhpl01 1699345462
