EN add4_mxilinx_sch3 NULL C:/Users/lab/Desktop/Lab4/zad3/sch3.vhf sub00/vhpl00 1699344178
EN sch3 NULL C:/Users/lab/Desktop/Lab4/zad3/sch3.vhf sub00/vhpl02 1699344180
AR sch3 behavioral C:/Users/lab/Desktop/Lab4/zad3/sch3.vhf sub00/vhpl03 1699344181
AR add4_mxilinx_sch3 behavioral C:/Users/lab/Desktop/Lab4/zad3/sch3.vhf sub00/vhpl01 1699344179
