EN add4_mxilinx_sch2 NULL C:/Users/lab/Desktop/Lab4/zad2/sch2.vhf sub00/vhpl00 1699341125
AR add4_mxilinx_sch2 behavioral C:/Users/lab/Desktop/Lab4/zad2/sch2.vhf sub00/vhpl01 1699341126
EN sch2 NULL C:/Users/lab/Desktop/Lab4/zad2/sch2.vhf sub00/vhpl02 1699341127
AR sch2 behavioral C:/Users/lab/Desktop/Lab4/zad2/sch2.vhf sub00/vhpl03 1699341128
