AR counter behavioral C:/Users/lab/Desktop/SUS/lab6JSAC/counter.vhd sub00/vhpl01 1701767828
AR przystawka behavioral C:/Users/lab/Desktop/SUS/lab6JSAC/przystawka.vhf sub00/vhpl03 1701767830
EN przystawka NULL C:/Users/lab/Desktop/SUS/lab6JSAC/przystawka.vhf sub00/vhpl02 1701767829
EN counter NULL C:/Users/lab/Desktop/SUS/lab6JSAC/counter.vhd sub00/vhpl00 1701767827
