AR counter behavioral C:/Users/lab/Desktop/Lab7ACJS/thisissparta/counter.vhd sub00/vhpl01 1702975197
AR przystawka behavioral C:/Users/lab/Desktop/Lab7ACJS/thisissparta/przystawka.vhf sub00/vhpl03 1702975199
EN przystawka NULL C:/Users/lab/Desktop/Lab7ACJS/thisissparta/przystawka.vhf sub00/vhpl02 1702975198
EN counter NULL C:/Users/lab/Desktop/Lab7ACJS/thisissparta/counter.vhd sub00/vhpl00 1702975196
